[media.discordapp.net/attachments/903758856809758741/910219111282397204/unnamed243f.png]
[backblue.gif]
[fade.gif]
[index.html]
[rubykrafts.fluffyair.repl.co/image/footer.png]
[rubykrafts.fluffyair.repl.co/image/games1.png]
[rubykrafts.fluffyair.repl.co/image/pfp2.png]
[rubykrafts.fluffyair.repl.co/image/pfp3.png]
[code.jquery.com/jquery-3.3.1.slim.min.js]
[cdnjs.cloudflare.com/ajax/libs/popper.js/1.14.7/umd/popper.min.js]
[stackpath.bootstrapcdn.com/bootstrap/4.3.1/js/bootstrap.min.js]
[rubykrafts.fluffyair.repl.co/js/now-ui-kit.min.js]
[rubykrafts.fluffyair.repl.co/index.html]
[rubykrafts.fluffyair.repl.co/css/bootstrap.min.css]
[rubykrafts.fluffyair.repl.co/image/bg.jpg]
[rubykrafts.fluffyair.repl.co/css/main.css]
[rubykrafts.fluffyair.repl.co/css/now-ui-kit.css]
[rubykrafts.fluffyair.repl.co/index-2.html]
[rubykrafts.fluffyair.repl.co/assets/wavy-light-by-madness.svg]
[rubykrafts.fluffyair.repl.co/fonts/nucleo-outline.html]
[rubykrafts.fluffyair.repl.co/fonts/nucleo-outline-2.html]
[rubykrafts.fluffyair.repl.co/fonts/nucleo-outline-3.html]
[rubykrafts.fluffyair.repl.co/fonts/nucleo-outline-4.html]
